// Jest Snapshot v1, https://goo.gl/fbAQLP

exports[`expect APP page to match working snapshot 1`] = `
Object {
  "asFragment": [Function],
  "baseElement": <body>
    <div>
      <nav
        class="nav-bar"
      >
        <h1>
          Math Magician
        </h1>
        <ul>
          <a
            class="navbar-links"
            href="/Math-Magician"
          >
            Home
          </a>
          <a
            class="navbar-links"
            href="/Math-Magician/calculator"
          >
            Calculator
          </a>
          <a
            class="navbar-links"
            href="/Math-Magician/quote"
          >
            Qoute
          </a>
        </ul>
      </nav>
      <div
        class="no-match"
      >
        <h3>
          Whoops! Page not found!
        </h3>
        <img
          alt="Not found"
          src="notFound.jpg"
        />
      </div>
    </div>
  </body>,
  "container": <div>
    <nav
      class="nav-bar"
    >
      <h1>
        Math Magician
      </h1>
      <ul>
        <a
          class="navbar-links"
          href="/Math-Magician"
        >
          Home
        </a>
        <a
          class="navbar-links"
          href="/Math-Magician/calculator"
        >
          Calculator
        </a>
        <a
          class="navbar-links"
          href="/Math-Magician/quote"
        >
          Qoute
        </a>
      </ul>
    </nav>
    <div
      class="no-match"
    >
      <h3>
        Whoops! Page not found!
      </h3>
      <img
        alt="Not found"
        src="notFound.jpg"
      />
    </div>
  </div>,
  "debug": [Function],
  "findAllByAltText": [Function],
  "findAllByDisplayValue": [Function],
  "findAllByLabelText": [Function],
  "findAllByPlaceholderText": [Function],
  "findAllByRole": [Function],
  "findAllByTestId": [Function],
  "findAllByText": [Function],
  "findAllByTitle": [Function],
  "findByAltText": [Function],
  "findByDisplayValue": [Function],
  "findByLabelText": [Function],
  "findByPlaceholderText": [Function],
  "findByRole": [Function],
  "findByTestId": [Function],
  "findByText": [Function],
  "findByTitle": [Function],
  "getAllByAltText": [Function],
  "getAllByDisplayValue": [Function],
  "getAllByLabelText": [Function],
  "getAllByPlaceholderText": [Function],
  "getAllByRole": [Function],
  "getAllByTestId": [Function],
  "getAllByText": [Function],
  "getAllByTitle": [Function],
  "getByAltText": [Function],
  "getByDisplayValue": [Function],
  "getByLabelText": [Function],
  "getByPlaceholderText": [Function],
  "getByRole": [Function],
  "getByTestId": [Function],
  "getByText": [Function],
  "getByTitle": [Function],
  "queryAllByAltText": [Function],
  "queryAllByDisplayValue": [Function],
  "queryAllByLabelText": [Function],
  "queryAllByPlaceholderText": [Function],
  "queryAllByRole": [Function],
  "queryAllByTestId": [Function],
  "queryAllByText": [Function],
  "queryAllByTitle": [Function],
  "queryByAltText": [Function],
  "queryByDisplayValue": [Function],
  "queryByLabelText": [Function],
  "queryByPlaceholderText": [Function],
  "queryByRole": [Function],
  "queryByTestId": [Function],
  "queryByText": [Function],
  "queryByTitle": [Function],
  "rerender": [Function],
  "unmount": [Function],
}
`;
