// Jest Snapshot v1, https://goo.gl/fbAQLP

exports[`Calculator renders page correctly 1`] = `
<section
  className="calculator-container"
>
  <h1>
    Let's do some math!
  </h1>
  <div
    className="calculator-section"
  >
    <div
      className="output-section"
    >
      0
    </div>
    <div
      className="digits"
    >
      <button
        className="buttons"
        onClick={[Function]}
        type="button"
        value="AC"
      >
        AC
      </button>
      <button
        className="buttons"
        onClick={[Function]}
        type="button"
        value="+/-"
      >
        +/-
      </button>
      <button
        className="buttons"
        onClick={[Function]}
        type="button"
        value="%"
      >
        %
      </button>
      <button
        className="buttons operator-signs"
        onClick={[Function]}
        type="button"
        value="รท"
      >
        รท
      </button>
      <button
        className="buttons"
        onClick={[Function]}
        type="button"
        value="7"
      >
        7
      </button>
      <button
        className="buttons"
        onClick={[Function]}
        type="button"
        value="8"
      >
        8
      </button>
      <button
        className="buttons"
        onClick={[Function]}
        type="button"
        value="9"
      >
        9
      </button>
      <button
        className="buttons operator-signs"
        onClick={[Function]}
        type="button"
        value="x"
      >
        x
      </button>
      <button
        className="buttons"
        onClick={[Function]}
        type="button"
        value="4"
      >
        4
      </button>
      <button
        className="buttons"
        onClick={[Function]}
        type="button"
        value="5"
      >
        5
      </button>
      <button
        className="buttons"
        onClick={[Function]}
        type="button"
        value="6"
      >
        6
      </button>
      <button
        className="buttons operator-signs"
        onClick={[Function]}
        type="button"
        value="-"
      >
        -
      </button>
      <button
        className="buttons"
        onClick={[Function]}
        type="button"
        value="1"
      >
        1
      </button>
      <button
        className="buttons"
        onClick={[Function]}
        type="button"
        value="2"
      >
        2
      </button>
      <button
        className="buttons"
        onClick={[Function]}
        type="button"
        value="3"
      >
        3
      </button>
      <button
        className="buttons operator-signs"
        onClick={[Function]}
        type="button"
        value="+"
      >
        +
      </button>
    </div>
    <span
      className="bottom"
    >
      <button
        className="buttons"
        onClick={[Function]}
        type="button"
        value="0"
      >
        0
      </button>
      <button
        className="buttons"
        onClick={[Function]}
        type="button"
        value="."
      >
        .
      </button>
      <button
        className="buttons operator-signs"
        onClick={[Function]}
        type="button"
        value="="
      >
        =
      </button>
    </span>
  </div>
</section>
`;
